// Jest Snapshot v1, https://goo.gl/fbAQLP

exports[`MainPage renders MainPage component correctly 1`] = `[Function]`;
