// Jest Snapshot v1, https://goo.gl/fbAQLP

exports[`MainContent renders MainContent component correctly 1`] = `
ShallowWrapper {
  Symbol(enzyme.__root__): [Circular],
  Symbol(enzyme.__unrendered__): <MainContent />,
  Symbol(enzyme.__renderer__): Object {
    "batchedUpdates": [Function],
    "getNode": [Function],
    "render": [Function],
    "simulateError": [Function],
    "simulateEvent": [Function],
    "unmount": [Function],
  },
  Symbol(enzyme.__node__): Object {
    "instance": null,
    "key": undefined,
    "nodeType": "host",
    "props": Object {
      "children": Array [
        undefined,
        <div
          className="main-content"
>
          <div
                    style={
                              Object {
                                        "height": "20px",
                                      }
                    }
          />
          <Container
                    tag="div"
          >
                    <h3
                              className="header"
                    >
                              Featured Reviews
                    </h3>
                    <Row
                              tag="div"
                    >
                              
                    </Row>
                    <h3
                              className="header"
                    >
                              Popular Cars
                    </h3>
                    <Row
                              tag="div"
                    >
                              
                    </Row>
                    <div
                              style={
                                        Object {
                                                  "height": "50px",
                                                }
                              }
                    />
                    <h3
                              className="header"
                    >
                              Popular Reviewers
                    </h3>
                    <Row
                              style={
                                        Object {
                                                  "marginTop": "30px",
                                                }
                              }
                              tag="div"
                    >
                              
                    </Row>
          </Container>
          <div
                    style={
                              Object {
                                        "height": "100px",
                                      }
                    }
          />
</div>,
      ],
      "className": "main-content-container",
    },
    "ref": null,
    "rendered": Array [
      undefined,
      Object {
        "instance": null,
        "key": undefined,
        "nodeType": "host",
        "props": Object {
          "children": Array [
            <div
              style={
                            Object {
                                          "height": "20px",
                                        }
              }
/>,
            <Container
              tag="div"
>
              <h3
                            className="header"
              >
                            Featured Reviews
              </h3>
              <Row
                            tag="div"
              >
                            
              </Row>
              <h3
                            className="header"
              >
                            Popular Cars
              </h3>
              <Row
                            tag="div"
              >
                            
              </Row>
              <div
                            style={
                                          Object {
                                                        "height": "50px",
                                                      }
                            }
              />
              <h3
                            className="header"
              >
                            Popular Reviewers
              </h3>
              <Row
                            style={
                                          Object {
                                                        "marginTop": "30px",
                                                      }
                            }
                            tag="div"
              >
                            
              </Row>
</Container>,
            <div
              style={
                            Object {
                                          "height": "100px",
                                        }
              }
/>,
          ],
          "className": "main-content",
        },
        "ref": null,
        "rendered": Array [
          Object {
            "instance": null,
            "key": undefined,
            "nodeType": "host",
            "props": Object {
              "style": Object {
                "height": "20px",
              },
            },
            "ref": null,
            "rendered": null,
            "type": "div",
          },
          Object {
            "instance": null,
            "key": undefined,
            "nodeType": "function",
            "props": Object {
              "children": Array [
                <h3
                  className="header"
>
                  Featured Reviews
</h3>,
                <Row
                  tag="div"
>
                  
</Row>,
                <h3
                  className="header"
>
                  Popular Cars
</h3>,
                <Row
                  tag="div"
>
                  
</Row>,
                <div
                  style={
                                    Object {
                                                      "height": "50px",
                                                    }
                  }
/>,
                <h3
                  className="header"
>
                  Popular Reviewers
</h3>,
                <Row
                  style={
                                    Object {
                                                      "marginTop": "30px",
                                                    }
                  }
                  tag="div"
>
                  
</Row>,
              ],
              "tag": "div",
            },
            "ref": null,
            "rendered": Array [
              Object {
                "instance": null,
                "key": undefined,
                "nodeType": "host",
                "props": Object {
                  "children": "Featured Reviews",
                  "className": "header",
                },
                "ref": null,
                "rendered": "Featured Reviews",
                "type": "h3",
              },
              Object {
                "instance": null,
                "key": undefined,
                "nodeType": "function",
                "props": Object {
                  "children": Array [],
                  "tag": "div",
                },
                "ref": null,
                "rendered": Array [],
                "type": [Function],
              },
              Object {
                "instance": null,
                "key": undefined,
                "nodeType": "host",
                "props": Object {
                  "children": "Popular Cars",
                  "className": "header",
                },
                "ref": null,
                "rendered": "Popular Cars",
                "type": "h3",
              },
              Object {
                "instance": null,
                "key": undefined,
                "nodeType": "function",
                "props": Object {
                  "children": Array [],
                  "tag": "div",
                },
                "ref": null,
                "rendered": Array [],
                "type": [Function],
              },
              Object {
                "instance": null,
                "key": undefined,
                "nodeType": "host",
                "props": Object {
                  "style": Object {
                    "height": "50px",
                  },
                },
                "ref": null,
                "rendered": null,
                "type": "div",
              },
              Object {
                "instance": null,
                "key": undefined,
                "nodeType": "host",
                "props": Object {
                  "children": "Popular Reviewers",
                  "className": "header",
                },
                "ref": null,
                "rendered": "Popular Reviewers",
                "type": "h3",
              },
              Object {
                "instance": null,
                "key": undefined,
                "nodeType": "function",
                "props": Object {
                  "children": Array [],
                  "style": Object {
                    "marginTop": "30px",
                  },
                  "tag": "div",
                },
                "ref": null,
                "rendered": Array [],
                "type": [Function],
              },
            ],
            "type": [Function],
          },
          Object {
            "instance": null,
            "key": undefined,
            "nodeType": "host",
            "props": Object {
              "style": Object {
                "height": "100px",
              },
            },
            "ref": null,
            "rendered": null,
            "type": "div",
          },
        ],
        "type": "div",
      },
    ],
    "type": "div",
  },
  Symbol(enzyme.__nodes__): Array [
    Object {
      "instance": null,
      "key": undefined,
      "nodeType": "host",
      "props": Object {
        "children": Array [
          undefined,
          <div
            className="main-content"
>
            <div
                        style={
                                    Object {
                                                "height": "20px",
                                              }
                        }
            />
            <Container
                        tag="div"
            >
                        <h3
                                    className="header"
                        >
                                    Featured Reviews
                        </h3>
                        <Row
                                    tag="div"
                        >
                                    
                        </Row>
                        <h3
                                    className="header"
                        >
                                    Popular Cars
                        </h3>
                        <Row
                                    tag="div"
                        >
                                    
                        </Row>
                        <div
                                    style={
                                                Object {
                                                            "height": "50px",
                                                          }
                                    }
                        />
                        <h3
                                    className="header"
                        >
                                    Popular Reviewers
                        </h3>
                        <Row
                                    style={
                                                Object {
                                                            "marginTop": "30px",
                                                          }
                                    }
                                    tag="div"
                        >
                                    
                        </Row>
            </Container>
            <div
                        style={
                                    Object {
                                                "height": "100px",
                                              }
                        }
            />
</div>,
        ],
        "className": "main-content-container",
      },
      "ref": null,
      "rendered": Array [
        undefined,
        Object {
          "instance": null,
          "key": undefined,
          "nodeType": "host",
          "props": Object {
            "children": Array [
              <div
                style={
                                Object {
                                                "height": "20px",
                                              }
                }
/>,
              <Container
                tag="div"
>
                <h3
                                className="header"
                >
                                Featured Reviews
                </h3>
                <Row
                                tag="div"
                >
                                
                </Row>
                <h3
                                className="header"
                >
                                Popular Cars
                </h3>
                <Row
                                tag="div"
                >
                                
                </Row>
                <div
                                style={
                                                Object {
                                                                "height": "50px",
                                                              }
                                }
                />
                <h3
                                className="header"
                >
                                Popular Reviewers
                </h3>
                <Row
                                style={
                                                Object {
                                                                "marginTop": "30px",
                                                              }
                                }
                                tag="div"
                >
                                
                </Row>
</Container>,
              <div
                style={
                                Object {
                                                "height": "100px",
                                              }
                }
/>,
            ],
            "className": "main-content",
          },
          "ref": null,
          "rendered": Array [
            Object {
              "instance": null,
              "key": undefined,
              "nodeType": "host",
              "props": Object {
                "style": Object {
                  "height": "20px",
                },
              },
              "ref": null,
              "rendered": null,
              "type": "div",
            },
            Object {
              "instance": null,
              "key": undefined,
              "nodeType": "function",
              "props": Object {
                "children": Array [
                  <h3
                    className="header"
>
                    Featured Reviews
</h3>,
                  <Row
                    tag="div"
>
                    
</Row>,
                  <h3
                    className="header"
>
                    Popular Cars
</h3>,
                  <Row
                    tag="div"
>
                    
</Row>,
                  <div
                    style={
                                        Object {
                                                            "height": "50px",
                                                          }
                    }
/>,
                  <h3
                    className="header"
>
                    Popular Reviewers
</h3>,
                  <Row
                    style={
                                        Object {
                                                            "marginTop": "30px",
                                                          }
                    }
                    tag="div"
>
                    
</Row>,
                ],
                "tag": "div",
              },
              "ref": null,
              "rendered": Array [
                Object {
                  "instance": null,
                  "key": undefined,
                  "nodeType": "host",
                  "props": Object {
                    "children": "Featured Reviews",
                    "className": "header",
                  },
                  "ref": null,
                  "rendered": "Featured Reviews",
                  "type": "h3",
                },
                Object {
                  "instance": null,
                  "key": undefined,
                  "nodeType": "function",
                  "props": Object {
                    "children": Array [],
                    "tag": "div",
                  },
                  "ref": null,
                  "rendered": Array [],
                  "type": [Function],
                },
                Object {
                  "instance": null,
                  "key": undefined,
                  "nodeType": "host",
                  "props": Object {
                    "children": "Popular Cars",
                    "className": "header",
                  },
                  "ref": null,
                  "rendered": "Popular Cars",
                  "type": "h3",
                },
                Object {
                  "instance": null,
                  "key": undefined,
                  "nodeType": "function",
                  "props": Object {
                    "children": Array [],
                    "tag": "div",
                  },
                  "ref": null,
                  "rendered": Array [],
                  "type": [Function],
                },
                Object {
                  "instance": null,
                  "key": undefined,
                  "nodeType": "host",
                  "props": Object {
                    "style": Object {
                      "height": "50px",
                    },
                  },
                  "ref": null,
                  "rendered": null,
                  "type": "div",
                },
                Object {
                  "instance": null,
                  "key": undefined,
                  "nodeType": "host",
                  "props": Object {
                    "children": "Popular Reviewers",
                    "className": "header",
                  },
                  "ref": null,
                  "rendered": "Popular Reviewers",
                  "type": "h3",
                },
                Object {
                  "instance": null,
                  "key": undefined,
                  "nodeType": "function",
                  "props": Object {
                    "children": Array [],
                    "style": Object {
                      "marginTop": "30px",
                    },
                    "tag": "div",
                  },
                  "ref": null,
                  "rendered": Array [],
                  "type": [Function],
                },
              ],
              "type": [Function],
            },
            Object {
              "instance": null,
              "key": undefined,
              "nodeType": "host",
              "props": Object {
                "style": Object {
                  "height": "100px",
                },
              },
              "ref": null,
              "rendered": null,
              "type": "div",
            },
          ],
          "type": "div",
        },
      ],
      "type": "div",
    },
  ],
  Symbol(enzyme.__options__): Object {
    "adapter": ReactSixteenAdapter {
      "options": Object {
        "enableComponentDidUpdateOnSetState": true,
        "lifecycles": Object {
          "componentDidUpdate": Object {
            "onSetState": true,
          },
          "getDerivedStateFromProps": true,
          "getSnapshotBeforeUpdate": true,
          "setState": Object {
            "skipsComponentDidUpdateOnNullish": true,
          },
        },
      },
    },
    "attachTo": undefined,
    "hydrateIn": undefined,
  },
}
`;
